// Vitest Snapshot v1, https://vitest.dev/guide/snapshot.html

exports[`RootResolver > addWebInputs > should add to the DB 1`] = `
{
  "addedByUserId": "811354ee-2834-4321-8a9f-507771d96955",
  "domOrdinal": 0,
  "domPath": "body",
  "host": "google.com",
  "kind": "PASSWORD",
  "layoutType": null,
  "url": "https://google.com",
}
`;
