// Vitest Snapshot v1, https://vitest.dev/guide/snapshot.html

exports[`RootResolver > addWebInputs > should add to the DB and omit any url query when storing the url 1`] = `
{
  "addedByUserId": "1a108ed5-0ccd-4ace-b788-ba8d8d42fb49",
  "domOrdinal": 0,
  "domPath": "body",
  "host": "google.com",
  "kind": "PASSWORD",
  "layoutType": null,
  "url": "https://google.com",
}
`;
