// Jest Snapshot v1, https://goo.gl/fbAQLP

exports[`Home component renders 1`] = `
<RNCSafeAreaProvider
  onInsetsChange={[Function]}
  style={
    Array [
      Object {
        "flex": 1,
      },
      undefined,
    ]
  }
>
  <View
    flex={1}
    justifyContent="center"
    mx="auto"
    p="2"
    style={
      Array [
        Object {
          "flexBasis": 0,
          "flexGrow": 1,
          "flexShrink": 1,
          "justifyContent": "center",
          "marginLeft": "auto",
          "marginRight": "auto",
          "paddingBottom": 8,
          "paddingLeft": 8,
          "paddingRight": 8,
          "paddingTop": 8,
          "width": "90%",
        },
      ]
    }
    w="90%"
  >
    <Text
      color="coolGray.800"
      fontSize="2xl"
      fontStyle="normal"
      fontWeight="600"
      style={
        Array [
          Object {
            "color": "#1f2937",
            "fontSize": 24,
            "fontStyle": "normal",
            "fontWeight": "600",
          },
        ]
      }
    >
      Welcome to Authier
    </Text>
    <Text
      color="coolGray.600"
      fontSize="sm"
      fontStyle="normal"
      fontWeight="medium"
      mt="1"
      style={
        Array [
          Object {
            "color": "#4b5563",
            "fontSize": 14,
            "fontStyle": "normal",
            "fontWeight": "500",
            "marginTop": 4,
          },
        ]
      }
    >
      Log in to continue!
    </Text>
    <View
      mt="5"
      style={
        Array [
          Object {
            "marginTop": 20,
          },
        ]
      }
    >
      <View
        style={
          Array [
            Object {
              "width": "100%",
            },
          ]
        }
        width="100%"
      >
        <View
          flexDirection="row"
          justifyContent="flex-start"
          mb={2}
          mr={3}
          nativeID="field-react-aria-0-1-label"
          style={
            Array [
              Object {
                "flexDirection": "row",
                "justifyContent": "flex-start",
                "marginBottom": 8,
                "marginRight": 12,
              },
            ]
          }
        >
          <Text
            color="coolGray.800"
            fontSize="xl"
            fontStyle="normal"
            fontWeight={500}
            style={
              Array [
                Object {
                  "color": "#1f2937",
                  "fontSize": 20,
                  "fontStyle": "normal",
                  "fontWeight": "500",
                },
              ]
            }
          >
            Email ID
          </Text>
        </View>
        <TextInput
          accessible={true}
          allowFontScaling={true}
          background="transparent"
          borderColor="muted.200"
          borderRadius="lg"
          borderWidth={1}
          color="black"
          disabled={false}
          editable={true}
          fontSize="md"
          fontStyle="normal"
          fontWeight={400}
          isRequired={false}
          nativeID="field-react-aria-0-1"
          onBlur={[Function]}
          onFocus={[Function]}
          onKeyPress={[Function]}
          placeholderTextColor="#a3a3a3"
          px={4}
          py={3}
          readOnly={false}
          rejectResponderTermination={true}
          required={false}
          secureTextEntry={false}
          style={
            Array [
              Object {
                "borderColor": "#e5e5e5",
                "borderRadius": 6,
                "borderWidth": 1,
                "color": "#000000",
                "fontSize": 16,
                "fontStyle": "normal",
                "fontWeight": "400",
                "paddingBottom": 12,
                "paddingLeft": 16,
                "paddingRight": 16,
                "paddingTop": 12,
              },
            ]
          }
          underlineColorAndroid="transparent"
          variant="outline"
        />
      </View>
      <View
        height={3}
        style={
          Array [
            Object {
              "height": 12,
            },
          ]
        }
      />
      <View
        style={
          Array [
            Object {
              "width": "100%",
            },
          ]
        }
        width="100%"
      >
        <View
          flexDirection="row"
          justifyContent="flex-start"
          mb={2}
          mr={3}
          nativeID="field-react-aria-0-2-label"
          style={
            Array [
              Object {
                "flexDirection": "row",
                "justifyContent": "flex-start",
                "marginBottom": 8,
                "marginRight": 12,
              },
            ]
          }
        >
          <Text
            color="coolGray.800"
            fontSize="xl"
            fontStyle="normal"
            fontWeight={500}
            style={
              Array [
                Object {
                  "color": "#1f2937",
                  "fontSize": 20,
                  "fontStyle": "normal",
                  "fontWeight": "500",
                },
              ]
            }
          >
            Password
          </Text>
        </View>
        <TextInput
          accessible={true}
          allowFontScaling={true}
          background="transparent"
          borderColor="muted.200"
          borderRadius="lg"
          borderWidth={1}
          color="black"
          disabled={false}
          editable={true}
          fontSize="md"
          fontStyle="normal"
          fontWeight={400}
          isRequired={false}
          nativeID="field-react-aria-0-2"
          onBlur={[Function]}
          onFocus={[Function]}
          onKeyPress={[Function]}
          placeholderTextColor="#a3a3a3"
          px={4}
          py={3}
          readOnly={false}
          rejectResponderTermination={true}
          required={false}
          secureTextEntry={true}
          style={
            Array [
              Object {
                "borderColor": "#e5e5e5",
                "borderRadius": 6,
                "borderWidth": 1,
                "color": "#000000",
                "fontSize": 16,
                "fontStyle": "normal",
                "fontWeight": "400",
                "paddingBottom": 12,
                "paddingLeft": 16,
                "paddingRight": 16,
                "paddingTop": 12,
              },
            ]
          }
          underlineColorAndroid="transparent"
          variant="outline"
        />
        <View
          mt="1"
          style={
            Array [
              Object {
                "marginTop": 4,
              },
            ]
          }
        >
          <View
            accessibilityRole="link"
            accessible={true}
            alignSelf="flex-end"
            collapsable={false}
            focusable={true}
            height="auto"
            onBlur={[Function]}
            onClick={[Function]}
            onFocus={[Function]}
            onHoverIn={[Function]}
            onHoverOut={[Function]}
            onResponderGrant={[Function]}
            onResponderMove={[Function]}
            onResponderRelease={[Function]}
            onResponderTerminate={[Function]}
            onResponderTerminationRequest={[Function]}
            onStartShouldSetResponder={[Function]}
            style={
              Array [
                Object {
                  "alignSelf": "flex-end",
                  "height": "auto",
                  "width": "auto",
                },
              ]
            }
            width="auto"
          >
            <View
              alignSelf="flex-end"
              flexDirection="row"
              height="auto"
              style={
                Array [
                  Object {
                    "alignSelf": "flex-end",
                    "flexDirection": "row",
                    "height": "auto",
                    "width": "auto",
                  },
                ]
              }
              width="auto"
            >
              <Text
                color="indigo.500"
                fontSize="xs"
                fontStyle="normal"
                fontWeight="500"
                style={
                  Array [
                    Object {
                      "color": "#6366f1",
                      "fontSize": 12,
                      "fontStyle": "normal",
                      "fontWeight": "500",
                      "textDecorationLine": "none",
                    },
                  ]
                }
                textDecorationLine="none"
              >
                Forget Password?
              </Text>
            </View>
          </View>
        </View>
      </View>
      <View
        height={3}
        style={
          Array [
            Object {
              "height": 12,
            },
          ]
        }
      />
      <View
        _text={
          Object {
            "color": "lightText",
          }
        }
        accessibilityRole="button"
        accessible={true}
        alignItems="center"
        bg="indigo.500"
        borderRadius="lg"
        collapsable={false}
        colorScheme="indigo"
        flexDirection="row"
        focusable={true}
        justifyContent="center"
        mt="2"
        onBlur={[Function]}
        onClick={[Function]}
        onFocus={[Function]}
        onHoverIn={[Function]}
        onHoverOut={[Function]}
        onResponderGrant={[Function]}
        onResponderMove={[Function]}
        onResponderRelease={[Function]}
        onResponderTerminate={[Function]}
        onResponderTerminationRequest={[Function]}
        onStartShouldSetResponder={[Function]}
        px={4}
        py={3}
        style={
          Array [
            Object {
              "alignItems": "center",
              "backgroundColor": "#6366f1",
              "borderRadius": 6,
              "flexDirection": "row",
              "justifyContent": "center",
              "marginTop": 8,
              "paddingBottom": 12,
              "paddingLeft": 16,
              "paddingRight": 16,
              "paddingTop": 12,
            },
          ]
        }
        variant="solid"
      >
        <View
          alignItems="center"
          flexDirection="row"
          style={
            Array [
              Object {
                "alignItems": "center",
                "flexDirection": "row",
              },
            ]
          }
        >
          <View
            style={
              Array [
                Object {},
              ]
            }
          >
            <Text
              color="white"
              fontSize="md"
              fontStyle="normal"
              fontWeight={600}
              style={
                Array [
                  Object {
                    "color": "#FFFFFF",
                    "fontSize": 16,
                    "fontStyle": "normal",
                    "fontWeight": "600",
                  },
                ]
              }
            >
              Log in
            </Text>
          </View>
        </View>
      </View>
      <View
        height={3}
        style={
          Array [
            Object {
              "height": 12,
            },
          ]
        }
      />
      <View
        flexDirection="row"
        justifyContent="center"
        mt="6"
        style={
          Array [
            Object {
              "flexDirection": "row",
              "justifyContent": "center",
              "marginTop": 24,
            },
          ]
        }
      >
        <Text
          color="muted.700"
          fontSize="sm"
          fontStyle="normal"
          fontWeight={400}
          style={
            Array [
              Object {
                "color": "#404040",
                "fontSize": 14,
                "fontStyle": "normal",
                "fontWeight": "400",
              },
            ]
          }
        >
          I'm a new user.
           
        </Text>
        <View
          style={
            Array [
              Object {},
            ]
          }
        />
        <View
          style={
            Array [
              Object {},
            ]
          }
        >
          <View
            accessibilityRole="link"
            accessible={true}
            collapsable={false}
            focusable={true}
            height="auto"
            onBlur={[Function]}
            onClick={[Function]}
            onFocus={[Function]}
            onHoverIn={[Function]}
            onHoverOut={[Function]}
            onResponderGrant={[Function]}
            onResponderMove={[Function]}
            onResponderRelease={[Function]}
            onResponderTerminate={[Function]}
            onResponderTerminationRequest={[Function]}
            onStartShouldSetResponder={[Function]}
            style={
              Array [
                Object {
                  "height": "auto",
                  "width": "auto",
                },
              ]
            }
            width="auto"
          >
            <View
              flexDirection="row"
              height="auto"
              style={
                Array [
                  Object {
                    "flexDirection": "row",
                    "height": "auto",
                    "width": "auto",
                  },
                ]
              }
              width="auto"
            >
              <Text
                color="indigo.500"
                fontSize="sm"
                fontStyle="normal"
                fontWeight="medium"
                style={
                  Array [
                    Object {
                      "color": "#6366f1",
                      "fontSize": 14,
                      "fontStyle": "normal",
                      "fontWeight": "500",
                      "textDecorationLine": "none",
                    },
                  ]
                }
                textDecorationLine="none"
              >
                Sign Up
              </Text>
            </View>
          </View>
        </View>
      </View>
    </View>
  </View>
</RNCSafeAreaProvider>
`;
